// Jest Snapshot v1, https://goo.gl/fbAQLP

exports[`rss reader should init without changes 1`] = `
"<title>Webpack Package</title>
<div class=\\"container\\" id=\\"app\\">
  <div class=\\"js-alert-popup alert alert-danger fade text-center\\" role=\\"alert\\"> Something went wrong. </div>
  <div>
    <h1>RSS Reader</h1>
    <form class=\\"js-rss-url-form jumbotron\\">
      <div class=\\"form-group\\">
        <label for=\\"rss-url\\">RSS URL</label>
        <input type=\\"text\\" class=\\"js-rss-url-input form-control\\" id=\\"rss-url\\" placeholder=\\"RSS URL\\" autocomplete=\\"off\\">
      </div>
      <button type=\\"submit\\" class=\\"js-rss-url-submit-button btn btn-primary\\" disabled=\\"\\">Submit</button>
    </form>
  </div>
  <br>
  <div>
    <h2>RSS Channels</h2>
    <ul class=\\"js-rss-channels-list list-group\\">
      <li class=\\"list-group-item\\">No channels added</li>
    </ul>
  </div>
  <br>
  <div>
    <h2>RSS articles</h2>
    <div class=\\"js-rss-articles-list list-group\\">
      <div class=\\"list-group-item\\">No articles</div>
    </div>
  </div>
</div>"
`;
